..........
----------------------------------------------------------------------
Ran 10 tests in 0.000s

OK
    Finished `test` profile [unoptimized + debuginfo] target(s) in 0.77s
     Running unittests src/lib.rs (target/debug/deps/system_pulse-0fe15bfc3846a438)

running 1 test
test screen_tests::process_table_fills_resized_windows_and_keeps_columns_aligned ... ok

test result: ok. 1 passed; 0 failed; 0 ignored; 0 measured; 127 filtered out; finished in 0.21s

     Running unittests src/main.rs (target/debug/deps/system_pulse-69fbcf144fb1dbfb)

running 0 tests

test result: ok. 0 passed; 0 failed; 0 ignored; 0 measured; 0 filtered out; finished in 0.00s

     Running tests/macos_application_lifetime.rs (target/debug/deps/macos_application_lifetime-7cdbf2b54350e1fe)
     Running tests/macos_dispatcher_lifetime.rs (target/debug/deps/macos_dispatcher_lifetime-c57cb5e8b58c135a)
macOS application lifetime cases require native macOS

running 0 tests

test result: ok. 0 passed; 0 failed; 0 ignored; 0 measured; 0 filtered out; finished in 0.00s

    Finished `test` profile [unoptimized + debuginfo] target(s) in 0.23s
     Running unittests src/lib.rs (target/debug/deps/system_pulse-0fe15bfc3846a438)

running 1 test
test screen_tests::process_search_stays_compact_when_the_window_grows ... ok

test result: ok. 1 passed; 0 failed; 0 ignored; 0 measured; 127 filtered out; finished in 0.14s

     Running unittests src/main.rs (target/debug/deps/system_pulse-69fbcf144fb1dbfb)
     Running tests/macos_application_lifetime.rs (target/debug/deps/macos_application_lifetime-7cdbf2b54350e1fe)

running 0 tests

test result: ok. 0 passed; 0 failed; 0 ignored; 0 measured; 0 filtered out; finished in 0.00s

     Running tests/macos_dispatcher_lifetime.rs (target/debug/deps/macos_dispatcher_lifetime-c57cb5e8b58c135a)
macOS application lifetime cases require native macOS

running 0 tests

test result: ok. 0 passed; 0 failed; 0 ignored; 0 measured; 0 filtered out; finished in 0.00s

cairn: PROC-001: pass
cairn: PROC-002: pass
