2026-09-11 10:41:35.853   Log opened. (Time zone: UTC-04:00)
2026-09-11 10:41:35.853   Setup version: Inno Setup version 6.4.3
2026-09-11 10:41:35.853   Original Setup EXE: C:\Users\shawn\workspace\system-pulse-thermal-setup.exe
2026-09-11 10:41:35.853   Setup command line: /SL5="$14D00CE,33406180,867840,C:\Users\shawn\workspace\system-pulse-thermal-setup.exe" /VERYSILENT /SUPPRESSMSGBOXES /NORESTART /DIR="C:\Program Files\SystemPulse-InstallerCheck-da35bfca00424657bc6db5d966eed77b" /TASKS="cputemperature" /LOG="C:\Users\shawn\workspace\system-pulse-thermal-installer-lifecycle\existing-driver-install.log" 
2026-09-11 10:41:35.853   Windows version: 10.0.26200
2026-09-11 10:41:35.853   Windows architecture: x64 (64-bit)
2026-09-11 10:41:35.853   Machine types supported by system: x86 x64
2026-09-11 10:41:35.853   User privileges: Administrative
2026-09-11 10:41:35.853   Administrative install mode: Yes
2026-09-11 10:41:35.853   Install mode root key: HKEY_LOCAL_MACHINE
2026-09-11 10:41:35.853   64-bit install mode: Yes
2026-09-11 10:41:35.853   Created protected temporary directory: C:\Users\shawn\AppData\Local\Temp\is-4J9P5.tmp
2026-09-11 10:41:35.905   Keeping the existing shared PawnIO installation.
2026-09-11 10:41:35.905   Found 1 files to register with RestartManager.
2026-09-11 10:41:35.905   Calling RestartManager's RmGetList.
2026-09-11 10:41:35.916   RmGetList finished successfully.
2026-09-11 10:41:35.916   RestartManager found no applications using one of our files.
2026-09-11 10:41:35.916   Starting the installation process.
2026-09-11 10:41:35.916   Directory for uninstall files: C:\Program Files\SystemPulse-InstallerCheck-da35bfca00424657bc6db5d966eed77b
2026-09-11 10:41:35.935   Will append to existing uninstall log: C:\Program Files\SystemPulse-InstallerCheck-da35bfca00424657bc6db5d966eed77b\unins000.dat
2026-09-11 10:41:35.935   -- File entry --
2026-09-11 10:41:35.935   Dest filename: C:\Program Files\SystemPulse-InstallerCheck-da35bfca00424657bc6db5d966eed77b\unins000.exe
2026-09-11 10:41:35.935   Non-default bitness: 32-bit
2026-09-11 10:41:35.935   Time stamp of our file: 2026-09-11 10:41:35.058
2026-09-11 10:41:35.935   Dest file exists.
2026-09-11 10:41:35.935   Time stamp of existing file: 2026-09-11 10:41:30.675
2026-09-11 10:41:35.935   Version of our file: 51.1052.0.0
2026-09-11 10:41:35.935   Version of existing file: 51.1052.0.0
2026-09-11 10:41:35.935   Installing the file.
2026-09-11 10:41:35.935   Leaving temporary file in place for now.
2026-09-11 10:41:35.935   -- File entry --
2026-09-11 10:41:35.935   Dest filename: C:\Program Files\SystemPulse-InstallerCheck-da35bfca00424657bc6db5d966eed77b\build.json
2026-09-11 10:41:35.935   Time stamp of our file: 2026-09-11 07:34:00.000
2026-09-11 10:41:35.935   Dest file exists.
2026-09-11 10:41:35.935   Time stamp of existing file: 2026-09-11 07:34:00.000
2026-09-11 10:41:35.935   Installing the file.
2026-09-11 10:41:35.948   Successfully installed the file.
2026-09-11 10:41:35.948   -- File entry --
2026-09-11 10:41:35.948   Dest filename: C:\Program Files\SystemPulse-InstallerCheck-da35bfca00424657bc6db5d966eed77b\COPYING
2026-09-11 10:41:35.948   Time stamp of our file: 2026-09-11 07:31:58.000
2026-09-11 10:41:35.948   Dest file exists.
2026-09-11 10:41:35.948   Time stamp of existing file: 2026-09-11 07:31:58.000
2026-09-11 10:41:35.948   Installing the file.
2026-09-11 10:41:35.948   Successfully installed the file.
2026-09-11 10:41:35.948   -- File entry --
2026-09-11 10:41:35.948   Dest filename: C:\Program Files\SystemPulse-InstallerCheck-da35bfca00424657bc6db5d966eed77b\dependency-licenses.json
2026-09-11 10:41:35.948   Time stamp of our file: 2026-09-11 07:31:58.000
2026-09-11 10:41:35.948   Dest file exists.
2026-09-11 10:41:35.948   Time stamp of existing file: 2026-09-11 07:31:58.000
2026-09-11 10:41:35.948   Installing the file.
2026-09-11 10:41:35.948   Successfully installed the file.
2026-09-11 10:41:35.948   -- File entry --
2026-09-11 10:41:35.948   Dest filename: C:\Program Files\SystemPulse-InstallerCheck-da35bfca00424657bc6db5d966eed77b\LICENSES.html
2026-09-11 10:41:35.948   Time stamp of our file: 2026-09-11 07:31:58.000
2026-09-11 10:41:35.948   Dest file exists.
2026-09-11 10:41:35.948   Time stamp of existing file: 2026-09-11 07:31:58.000
2026-09-11 10:41:35.948   Installing the file.
2026-09-11 10:41:35.964   Successfully installed the file.
2026-09-11 10:41:35.964   -- File entry --
2026-09-11 10:41:35.964   Dest filename: C:\Program Files\SystemPulse-InstallerCheck-da35bfca00424657bc6db5d966eed77b\package-files.json
2026-09-11 10:41:35.964   Time stamp of our file: 2026-09-11 07:34:00.000
2026-09-11 10:41:35.964   Dest file exists.
2026-09-11 10:41:35.964   Time stamp of existing file: 2026-09-11 07:34:00.000
2026-09-11 10:41:35.964   Installing the file.
2026-09-11 10:41:35.964   Successfully installed the file.
2026-09-11 10:41:35.964   -- File entry --
2026-09-11 10:41:35.964   Dest filename: C:\Program Files\SystemPulse-InstallerCheck-da35bfca00424657bc6db5d966eed77b\README.md
2026-09-11 10:41:35.964   Time stamp of our file: 2026-09-11 07:31:58.000
2026-09-11 10:41:35.964   Dest file exists.
2026-09-11 10:41:35.964   Time stamp of existing file: 2026-09-11 07:31:58.000
2026-09-11 10:41:35.964   Installing the file.
2026-09-11 10:41:35.964   Successfully installed the file.
2026-09-11 10:41:35.964   -- File entry --
2026-09-11 10:41:35.964   Dest filename: C:\Program Files\SystemPulse-InstallerCheck-da35bfca00424657bc6db5d966eed77b\source.tar.gz
2026-09-11 10:41:35.964   Time stamp of our file: 2026-09-11 07:32:00.000
2026-09-11 10:41:35.964   Dest file exists.
2026-09-11 10:41:35.964   Time stamp of existing file: 2026-09-11 07:32:00.000
2026-09-11 10:41:35.964   Installing the file.
2026-09-11 10:41:36.576   Successfully installed the file.
2026-09-11 10:41:36.576   -- File entry --
2026-09-11 10:41:36.576   Dest filename: C:\Program Files\SystemPulse-InstallerCheck-da35bfca00424657bc6db5d966eed77b\SOURCE.txt
2026-09-11 10:41:36.576   Time stamp of our file: 2026-09-11 07:32:00.000
2026-09-11 10:41:36.576   Dest file exists.
2026-09-11 10:41:36.576   Time stamp of existing file: 2026-09-11 07:32:00.000
2026-09-11 10:41:36.576   Installing the file.
2026-09-11 10:41:36.576   Successfully installed the file.
2026-09-11 10:41:36.576   -- File entry --
2026-09-11 10:41:36.576   Dest filename: C:\Program Files\SystemPulse-InstallerCheck-da35bfca00424657bc6db5d966eed77b\system-pulse.exe
2026-09-11 10:41:36.576   Time stamp of our file: 2026-09-11 07:34:00.000
2026-09-11 10:41:36.576   Dest file exists.
2026-09-11 10:41:36.576   Time stamp of existing file: 2026-09-11 07:34:00.000
2026-09-11 10:41:36.576   Installing the file.
2026-09-11 10:41:36.986   Successfully installed the file.
2026-09-11 10:41:36.986   -- File entry --
2026-09-11 10:41:36.986   Dest filename: C:\Program Files\SystemPulse-InstallerCheck-da35bfca00424657bc6db5d966eed77b\notices\Apple-NOTICE.md
2026-09-11 10:41:36.986   Time stamp of our file: 2026-09-11 07:31:58.000
2026-09-11 10:41:36.986   Dest file exists.
2026-09-11 10:41:36.986   Time stamp of existing file: 2026-09-11 07:31:58.000
2026-09-11 10:41:36.986   Installing the file.
2026-09-11 10:41:36.986   Successfully installed the file.
2026-09-11 10:41:36.986   -- File entry --
2026-09-11 10:41:36.986   Dest filename: C:\Program Files\SystemPulse-InstallerCheck-da35bfca00424657bc6db5d966eed77b\notices\IBM-Plex-LICENSE.txt
2026-09-11 10:41:36.986   Time stamp of our file: 2026-09-11 07:31:58.000
2026-09-11 10:41:36.986   Dest file exists.
2026-09-11 10:41:36.986   Time stamp of existing file: 2026-09-11 07:31:58.000
2026-09-11 10:41:36.986   Installing the file.
2026-09-11 10:41:36.986   Successfully installed the file.
2026-09-11 10:41:36.986   -- File entry --
2026-09-11 10:41:36.986   Dest filename: C:\Program Files\SystemPulse-InstallerCheck-da35bfca00424657bc6db5d966eed77b\notices\Intel-UAPI-NOTICE
2026-09-11 10:41:36.986   Time stamp of our file: 2026-09-11 07:31:58.000
2026-09-11 10:41:36.986   Dest file exists.
2026-09-11 10:41:36.986   Time stamp of existing file: 2026-09-11 07:31:58.000
2026-09-11 10:41:36.986   Installing the file.
2026-09-11 10:41:36.986   Successfully installed the file.
2026-09-11 10:41:36.986   -- File entry --
2026-09-11 10:41:36.986   Dest filename: C:\Program Files\SystemPulse-InstallerCheck-da35bfca00424657bc6db5d966eed77b\notices\Inter-JetBrainsMono-OFL.txt
2026-09-11 10:41:36.986   Time stamp of our file: 2026-09-11 07:31:58.000
2026-09-11 10:41:36.986   Dest file exists.
2026-09-11 10:41:36.986   Time stamp of existing file: 2026-09-11 07:31:58.000
2026-09-11 10:41:36.986   Installing the file.
2026-09-11 10:41:36.986   Successfully installed the file.
2026-09-11 10:41:36.986   -- File entry --
2026-09-11 10:41:36.986   Dest filename: C:\Program Files\SystemPulse-InstallerCheck-da35bfca00424657bc6db5d966eed77b\notices\LICENSE-APACHE
2026-09-11 10:41:36.986   Time stamp of our file: 2026-09-11 07:31:58.000
2026-09-11 10:41:36.986   Dest file exists.
2026-09-11 10:41:36.986   Time stamp of existing file: 2026-09-11 07:31:58.000
2026-09-11 10:41:36.986   Installing the file.
2026-09-11 10:41:36.986   Successfully installed the file.
2026-09-11 10:41:36.986   -- File entry --
2026-09-11 10:41:36.986   Dest filename: C:\Program Files\SystemPulse-InstallerCheck-da35bfca00424657bc6db5d966eed77b\notices\Michroma-OFL.txt
2026-09-11 10:41:36.986   Time stamp of our file: 2026-09-11 07:31:58.000
2026-09-11 10:41:36.986   Dest file exists.
2026-09-11 10:41:36.986   Time stamp of existing file: 2026-09-11 07:31:58.000
2026-09-11 10:41:36.986   Installing the file.
2026-09-11 10:41:36.986   Successfully installed the file.
2026-09-11 10:41:36.986   -- File entry --
2026-09-11 10:41:36.986   Dest filename: C:\Program Files\SystemPulse-InstallerCheck-da35bfca00424657bc6db5d966eed77b\notices\Michroma-SOURCE.md
2026-09-11 10:41:36.986   Time stamp of our file: 2026-09-11 07:31:58.000
2026-09-11 10:41:36.986   Dest file exists.
2026-09-11 10:41:36.986   Time stamp of existing file: 2026-09-11 07:31:58.000
2026-09-11 10:41:36.986   Installing the file.
2026-09-11 10:41:36.986   Successfully installed the file.
2026-09-11 10:41:36.986   -- File entry --
2026-09-11 10:41:36.986   Dest filename: C:\Program Files\SystemPulse-InstallerCheck-da35bfca00424657bc6db5d966eed77b\notices\PawnIO-driver-COPYING
2026-09-11 10:41:36.986   Time stamp of our file: 2026-09-11 07:31:58.000
2026-09-11 10:41:36.986   Dest file exists.
2026-09-11 10:41:36.986   Time stamp of existing file: 2026-09-11 07:31:58.000
2026-09-11 10:41:36.986   Installing the file.
2026-09-11 10:41:36.986   Successfully installed the file.
2026-09-11 10:41:36.986   -- File entry --
2026-09-11 10:41:36.986   Dest filename: C:\Program Files\SystemPulse-InstallerCheck-da35bfca00424657bc6db5d966eed77b\notices\PawnIO-driver-NOTICE.md
2026-09-11 10:41:36.986   Time stamp of our file: 2026-09-11 07:31:58.000
2026-09-11 10:41:36.986   Dest file exists.
2026-09-11 10:41:36.986   Time stamp of existing file: 2026-09-11 07:31:58.000
2026-09-11 10:41:36.986   Installing the file.
2026-09-11 10:41:36.986   Successfully installed the file.
2026-09-11 10:41:36.986   -- File entry --
2026-09-11 10:41:36.986   Dest filename: C:\Program Files\SystemPulse-InstallerCheck-da35bfca00424657bc6db5d966eed77b\notices\PawnIO-driver-README.md
2026-09-11 10:41:36.986   Time stamp of our file: 2026-09-11 07:31:58.000
2026-09-11 10:41:36.986   Dest file exists.
2026-09-11 10:41:36.986   Time stamp of existing file: 2026-09-11 07:31:58.000
2026-09-11 10:41:36.986   Installing the file.
2026-09-11 10:41:36.986   Successfully installed the file.
2026-09-11 10:41:36.986   -- File entry --
2026-09-11 10:41:36.986   Dest filename: C:\Program Files\SystemPulse-InstallerCheck-da35bfca00424657bc6db5d966eed77b\notices\PawnIO-IntelMSR-COPYING
2026-09-11 10:41:36.986   Time stamp of our file: 2026-09-11 07:31:58.000
2026-09-11 10:41:36.986   Dest file exists.
2026-09-11 10:41:36.986   Time stamp of existing file: 2026-09-11 07:31:58.000
2026-09-11 10:41:36.986   Installing the file.
2026-09-11 10:41:36.986   Successfully installed the file.
2026-09-11 10:41:36.986   -- File entry --
2026-09-11 10:41:36.986   Dest filename: C:\Program Files\SystemPulse-InstallerCheck-da35bfca00424657bc6db5d966eed77b\notices\PawnIO-IntelMSR-NOTICE.md
2026-09-11 10:41:36.986   Time stamp of our file: 2026-09-11 07:31:58.000
2026-09-11 10:41:36.986   Dest file exists.
2026-09-11 10:41:36.986   Time stamp of existing file: 2026-09-11 07:31:58.000
2026-09-11 10:41:36.986   Installing the file.
2026-09-11 10:41:36.986   Successfully installed the file.
2026-09-11 10:41:37.002   -- File entry --
2026-09-11 10:41:37.002   Dest filename: C:\Program Files\SystemPulse-InstallerCheck-da35bfca00424657bc6db5d966eed77b\notices\sources.json
2026-09-11 10:41:37.002   Time stamp of our file: 2026-09-11 07:31:58.000
2026-09-11 10:41:37.002   Dest file exists.
2026-09-11 10:41:37.002   Time stamp of existing file: 2026-09-11 07:31:58.000
2026-09-11 10:41:37.002   Installing the file.
2026-09-11 10:41:37.002   Successfully installed the file.
2026-09-11 10:41:37.002   -- Icon entry --
2026-09-11 10:41:37.002   Dest filename: C:\ProgramData\Microsoft\Windows\Start Menu\Programs\System Pulse\System Pulse.lnk
2026-09-11 10:41:37.002   Creating the icon.
2026-09-11 10:41:37.271   Successfully created the icon.
2026-09-11 10:41:37.271   Saving uninstall information.
2026-09-11 10:41:37.271   Renaming uninstaller.
2026-09-11 10:41:37.271   Writing uninstaller messages: C:\Program Files\SystemPulse-InstallerCheck-da35bfca00424657bc6db5d966eed77b\unins000.msg
2026-09-11 10:41:37.271   Deleting uninstall key left over from previous administrative 64-bit install.
2026-09-11 10:41:37.271   Creating new uninstall key: HKEY_LOCAL_MACHINE\Software\Microsoft\Windows\CurrentVersion\Uninstall\{82C76189-3134-4B89-A742-5CBAA4388645}_is1
2026-09-11 10:41:37.271   Writing uninstall key values.
2026-09-11 10:41:37.271   Detected previous non administrative install? No
2026-09-11 10:41:37.271   Detected previous administrative 32-bit install? No
2026-09-11 10:41:37.280   Installation process succeeded.
2026-09-11 10:41:37.280   Need to restart Windows? No
2026-09-11 10:41:37.280   Deinitializing Setup.
2026-09-11 10:41:37.280   Log closed.
