2026-09-11 10:41:39.194   Log opened. (Time zone: UTC-04:00)
2026-09-11 10:41:39.194   Setup version: Inno Setup version 6.4.3
2026-09-11 10:41:39.194   Original Uninstall EXE: C:\Program Files\SystemPulse-InstallerCheck-da35bfca00424657bc6db5d966eed77b\unins000.exe
2026-09-11 10:41:39.194   Uninstall DAT: C:\Program Files\SystemPulse-InstallerCheck-da35bfca00424657bc6db5d966eed77b\unins000.dat
2026-09-11 10:41:39.194   Uninstall command line: /SECONDPHASE="C:\Program Files\SystemPulse-InstallerCheck-da35bfca00424657bc6db5d966eed77b\unins000.exe" /FIRSTPHASEWND=$B900D4 /VERYSILENT /SUPPRESSMSGBOXES /NORESTART /LOG="C:\Users\shawn\workspace\system-pulse-thermal-installer-lifecycle\uninstall.log" 
2026-09-11 10:41:39.194   Windows version: 10.0.26200
2026-09-11 10:41:39.194   Windows architecture: x64 (64-bit)
2026-09-11 10:41:39.194   Machine types supported by system: x86 x64
2026-09-11 10:41:39.194   User privileges: Administrative
2026-09-11 10:41:39.194   Administrative install mode: Yes
2026-09-11 10:41:39.194   Install mode root key: HKEY_LOCAL_MACHINE
2026-09-11 10:41:39.194   Created protected temporary directory: C:\Users\shawn\AppData\Local\Temp\is-LHO7N.tmp
2026-09-11 10:41:39.200   Starting the uninstallation process.
2026-09-11 10:41:39.200   Deleting registry key: HKEY_LOCAL_MACHINE\Software\Microsoft\Windows\CurrentVersion\Uninstall\{82C76189-3134-4B89-A742-5CBAA4388645}_is1
2026-09-11 10:41:39.343   Deleting file: C:\ProgramData\Microsoft\Windows\Start Menu\Programs\System Pulse\System Pulse.lnk
2026-09-11 10:41:39.348   Deleting directory: C:\ProgramData\Microsoft\Windows\Start Menu\Programs\System Pulse
2026-09-11 10:41:39.348   Deleting file: C:\Program Files\SystemPulse-InstallerCheck-da35bfca00424657bc6db5d966eed77b\notices\sources.json
2026-09-11 10:41:39.348   Deleting file: C:\Program Files\SystemPulse-InstallerCheck-da35bfca00424657bc6db5d966eed77b\notices\PawnIO-IntelMSR-NOTICE.md
2026-09-11 10:41:39.348   Deleting file: C:\Program Files\SystemPulse-InstallerCheck-da35bfca00424657bc6db5d966eed77b\notices\PawnIO-IntelMSR-COPYING
2026-09-11 10:41:39.348   Deleting file: C:\Program Files\SystemPulse-InstallerCheck-da35bfca00424657bc6db5d966eed77b\notices\PawnIO-driver-README.md
2026-09-11 10:41:39.348   Deleting file: C:\Program Files\SystemPulse-InstallerCheck-da35bfca00424657bc6db5d966eed77b\notices\PawnIO-driver-NOTICE.md
2026-09-11 10:41:39.348   Deleting file: C:\Program Files\SystemPulse-InstallerCheck-da35bfca00424657bc6db5d966eed77b\notices\PawnIO-driver-COPYING
2026-09-11 10:41:39.348   Deleting file: C:\Program Files\SystemPulse-InstallerCheck-da35bfca00424657bc6db5d966eed77b\notices\Michroma-SOURCE.md
2026-09-11 10:41:39.348   Deleting file: C:\Program Files\SystemPulse-InstallerCheck-da35bfca00424657bc6db5d966eed77b\notices\Michroma-OFL.txt
2026-09-11 10:41:39.348   Deleting file: C:\Program Files\SystemPulse-InstallerCheck-da35bfca00424657bc6db5d966eed77b\notices\LICENSE-APACHE
2026-09-11 10:41:39.348   Deleting file: C:\Program Files\SystemPulse-InstallerCheck-da35bfca00424657bc6db5d966eed77b\notices\Inter-JetBrainsMono-OFL.txt
2026-09-11 10:41:39.348   Deleting file: C:\Program Files\SystemPulse-InstallerCheck-da35bfca00424657bc6db5d966eed77b\notices\Intel-UAPI-NOTICE
2026-09-11 10:41:39.348   Deleting file: C:\Program Files\SystemPulse-InstallerCheck-da35bfca00424657bc6db5d966eed77b\notices\IBM-Plex-LICENSE.txt
2026-09-11 10:41:39.348   Deleting file: C:\Program Files\SystemPulse-InstallerCheck-da35bfca00424657bc6db5d966eed77b\notices\Apple-NOTICE.md
2026-09-11 10:41:39.348   Deleting file: C:\Program Files\SystemPulse-InstallerCheck-da35bfca00424657bc6db5d966eed77b\system-pulse.exe
2026-09-11 10:41:39.352   Deleting file: C:\Program Files\SystemPulse-InstallerCheck-da35bfca00424657bc6db5d966eed77b\SOURCE.txt
2026-09-11 10:41:39.352   Deleting file: C:\Program Files\SystemPulse-InstallerCheck-da35bfca00424657bc6db5d966eed77b\source.tar.gz
2026-09-11 10:41:39.355   Deleting file: C:\Program Files\SystemPulse-InstallerCheck-da35bfca00424657bc6db5d966eed77b\README.md
2026-09-11 10:41:39.355   Deleting file: C:\Program Files\SystemPulse-InstallerCheck-da35bfca00424657bc6db5d966eed77b\package-files.json
2026-09-11 10:41:39.355   Deleting file: C:\Program Files\SystemPulse-InstallerCheck-da35bfca00424657bc6db5d966eed77b\LICENSES.html
2026-09-11 10:41:39.355   Deleting file: C:\Program Files\SystemPulse-InstallerCheck-da35bfca00424657bc6db5d966eed77b\dependency-licenses.json
2026-09-11 10:41:39.355   Deleting file: C:\Program Files\SystemPulse-InstallerCheck-da35bfca00424657bc6db5d966eed77b\COPYING
2026-09-11 10:41:39.355   Deleting file: C:\Program Files\SystemPulse-InstallerCheck-da35bfca00424657bc6db5d966eed77b\build.json
2026-09-11 10:41:39.355   Deleting registry key: HKEY_LOCAL_MACHINE\Software\Microsoft\Windows\CurrentVersion\Uninstall\{82C76189-3134-4B89-A742-5CBAA4388645}_is1
2026-09-11 10:41:39.357   Deleting directory: C:\Program Files\SystemPulse-InstallerCheck-da35bfca00424657bc6db5d966eed77b\notices
2026-09-11 10:41:39.357   Deleting directory: C:\Program Files\SystemPulse-InstallerCheck-da35bfca00424657bc6db5d966eed77b
2026-09-11 10:41:39.357   Failed to delete directory (145). Will retry later.
2026-09-11 10:41:39.357   Deleting Uninstall data files.
2026-09-11 10:41:39.880   Deleting directory: C:\Program Files\SystemPulse-InstallerCheck-da35bfca00424657bc6db5d966eed77b
2026-09-11 10:41:39.880   Uninstallation process succeeded.
2026-09-11 10:41:39.880   Removed all? Yes
2026-09-11 10:41:39.880   Need to restart Windows? No
2026-09-11 10:41:39.882   Log closed.
