Traceback (most recent call last):
  File "/home/shawn/workspace2/task-manager-worktrees/workspace-visibility/scripts/system-pulse/application_acceptance.py", line 170, in <module>
    main()
    ~~~~^^
  File "/home/shawn/workspace2/task-manager-worktrees/workspace-visibility/scripts/system-pulse/application_acceptance.py", line 78, in main
    runner.step(
    ~~~~~~~~~~~^
        "package",
        ^^^^^^^^^^
    ...<9 lines>...
        timeout=1800,
        ^^^^^^^^^^^^^
    )
    ^
  File "/home/shawn/workspace2/task-manager-worktrees/workspace-visibility/scripts/system-pulse/acceptance.py", line 149, in step
    require(
    ~~~~~~~^
        child.returncode == 0, f"{name} exited {child.returncode}; full log: {path}"
        ^^^^^^^^^^^^^^^^^^^^^^^^^^^^^^^^^^^^^^^^^^^^^^^^^^^^^^^^^^^^^^^^^^^^^^^^^^^^
    )
    ^
  File "/home/shawn/workspace2/task-manager-worktrees/workspace-visibility/scripts/system-pulse/host_accuracy.py", line 12, in require
    raise AssertionError(message)
AssertionError: package exited 1; full log: /home/shawn/workspace2/task-manager-artifacts/finish-application/final-acceptance-held-column-20260907/evidence/package.log
