RUNNING preservation
RUNNING preservation log=/home/shawn/workspace2/task-manager-artifacts/finish-application/final-acceptance-package-streams-20260907/evidence/preservation.log
RUNNING preservation log=/home/shawn/workspace2/task-manager-artifacts/finish-application/final-acceptance-package-streams-20260907/evidence/preservation.log
RUNNING preservation log=/home/shawn/workspace2/task-manager-artifacts/finish-application/final-acceptance-package-streams-20260907/evidence/preservation.log
RUNNING preservation log=/home/shawn/workspace2/task-manager-artifacts/finish-application/final-acceptance-package-streams-20260907/evidence/preservation.log
RUNNING preservation log=/home/shawn/workspace2/task-manager-artifacts/finish-application/final-acceptance-package-streams-20260907/evidence/preservation.log
RUNNING preservation log=/home/shawn/workspace2/task-manager-artifacts/finish-application/final-acceptance-package-streams-20260907/evidence/preservation.log
RUNNING preservation log=/home/shawn/workspace2/task-manager-artifacts/finish-application/final-acceptance-package-streams-20260907/evidence/preservation.log
RUNNING preservation log=/home/shawn/workspace2/task-manager-artifacts/finish-application/final-acceptance-package-streams-20260907/evidence/preservation.log
RUNNING preservation log=/home/shawn/workspace2/task-manager-artifacts/finish-application/final-acceptance-package-streams-20260907/evidence/preservation.log
PASS preservation exit_code=0 seconds=289.855 log=/home/shawn/workspace2/task-manager-artifacts/finish-application/final-acceptance-package-streams-20260907/evidence/preservation.log sha256=9c9ac79b55c688cee2b528e5347d015209786b457f698eadbe6d708a0cecfc08
cairn: LIVE-001: pass
cairn: LIVE-002: pass
cairn: LIVE-003: pass
cairn: LIVE-004: pass
cairn: LIVE-005: pass
cairn: LIVE-006: pass
cairn: LIVE-007: pass
cairn: LIVE-008: pass
cairn: LIVE-009: pass
cairn: LIVE-010: pass
cairn: LIVE-011: pass
cairn: LIVE-012: pass
cairn: LIVE-013: pass
RUNNING input-focus
PASS input-focus test_count=10 exit_code=0 seconds=0.365 log=/home/shawn/workspace2/task-manager-artifacts/finish-application/final-acceptance-package-streams-20260907/evidence/input-focus.log sha256=17801c216168061ec66d1a8f3a18c63e35edafac854fff0010d9094a7ffbb7aa
RUNNING package
RUNNING package log=/home/shawn/workspace2/task-manager-artifacts/finish-application/final-acceptance-package-streams-20260907/evidence/package.log
PASS package exit_code=0 seconds=36.9 log=/home/shawn/workspace2/task-manager-artifacts/finish-application/final-acceptance-package-streams-20260907/evidence/package.log sha256=1fae3b6aec8cf40d382b6f480131f272efc2c15d08e76cc46605aa6f2d631fd2
RUNNING application
RUNNING application log=/home/shawn/workspace2/task-manager-artifacts/finish-application/final-acceptance-package-streams-20260907/evidence/application.log
RUNNING application log=/home/shawn/workspace2/task-manager-artifacts/finish-application/final-acceptance-package-streams-20260907/evidence/application.log
RUNNING application log=/home/shawn/workspace2/task-manager-artifacts/finish-application/final-acceptance-package-streams-20260907/evidence/application.log
RUNNING application log=/home/shawn/workspace2/task-manager-artifacts/finish-application/final-acceptance-package-streams-20260907/evidence/application.log
RUNNING application log=/home/shawn/workspace2/task-manager-artifacts/finish-application/final-acceptance-package-streams-20260907/evidence/application.log
RUNNING application log=/home/shawn/workspace2/task-manager-artifacts/finish-application/final-acceptance-package-streams-20260907/evidence/application.log
RUNNING application log=/home/shawn/workspace2/task-manager-artifacts/finish-application/final-acceptance-package-streams-20260907/evidence/application.log
RUNNING application log=/home/shawn/workspace2/task-manager-artifacts/finish-application/final-acceptance-package-streams-20260907/evidence/application.log
RUNNING application log=/home/shawn/workspace2/task-manager-artifacts/finish-application/final-acceptance-package-streams-20260907/evidence/application.log
Traceback (most recent call last):
  File "/home/shawn/workspace2/task-manager-worktrees/workspace-visibility/scripts/system-pulse/application_acceptance.py", line 170, in <module>
    main()
    ~~~~^^
  File "/home/shawn/workspace2/task-manager-worktrees/workspace-visibility/scripts/system-pulse/application_acceptance.py", line 112, in main
    runner.step(
    ~~~~~~~~~~~^
        "application",
        ^^^^^^^^^^^^^^
    ...<7 lines>...
        timeout=300,
        ^^^^^^^^^^^^
    )
    ^
  File "/home/shawn/workspace2/task-manager-worktrees/workspace-visibility/scripts/system-pulse/acceptance.py", line 148, in step
    require(not timed_out, f"{name} timeout; see {path}")
    ~~~~~~~^^^^^^^^^^^^^^^^^^^^^^^^^^^^^^^^^^^^^^^^^^^^^^
  File "/home/shawn/workspace2/task-manager-worktrees/workspace-visibility/scripts/system-pulse/host_accuracy.py", line 12, in require
    raise AssertionError(message)
AssertionError: application timeout; see /home/shawn/workspace2/task-manager-artifacts/finish-application/final-acceptance-package-streams-20260907/evidence/application.log
